[INFO] [1752370257.350220662] [websocket_bridge_node]: ✅ 参数声明完成
[INFO] [1752370257.351107297] [websocket_bridge_node]: 🔧 配置完成 - 服务器: 101.201.150.96:1234
[INFO] [1752370257.351621195] [websocket_bridge_node]: 📁 文件保存目录: /userdata/try_again/SelfFollowingROS2/received_files
[INFO] [1752370257.361034398] [websocket_bridge_node]: 📡 ROS2组件初始化完成
[INFO] [1752370257.361493465] [websocket_bridge_node]: 📊 订阅跟踪数据主题: /bytetracker/tracked_persons
[INFO] [1752370257.365503738] [websocket_bridge_node]: 🔧 等待特征提取服务...
[INFO] [1752370257.370046866] [websocket_bridge_node]: ✅ RFID组件已设置
[INFO] [1752370257.370508266] [websocket_bridge_node]: 📡 订阅RFID主题: /rfid/tags, /rfid/status, /rfid/tag_detected
[INFO] [1752370257.370903168] [websocket_bridge_node]: 🔗 正在连接WebSocket服务器: ws://101.201.150.96:1234/ws/ros2_bridge/companion_robot_001
[INFO] [1752370257.374520872] [websocket_bridge_node]: ⏰ 定时器设置完成 (心跳: 25s, 状态: 5s)
[INFO] [1752370257.380685900] [websocket_bridge_node]: 🌉 WebSocket桥接节点已启动
INFO:websocket:Websocket connected
[INFO] [1752370257.514181682] [websocket_bridge_node]: ✅ WebSocket连接已建立
[INFO] [1752370279.677479628] [websocket_bridge_node]: 🤖 收到robot_control状态: {'mode': 'stop', 'is_following': False, 'manual_mode': False, 'target_person': '', 'following_enabled': False, 'emergency_stop': False, 'motor_speed': 50, 'control_type': 'motor', 'last_detection': -1}
[ERROR] [1752370279.680522189] [websocket_bridge_node]: ❌ 处理robot_control状态失败: 'WebSocketBridgeNode' object has no attribute 'websocket_connected'
[INFO] [1752370280.169300860] [websocket_bridge_node]: 🤖 收到robot_control状态: {'mode': 'stop', 'is_following': False, 'manual_mode': False, 'target_person': '', 'following_enabled': False, 'emergency_stop': False, 'motor_speed': 50, 'control_type': 'motor', 'last_detection': -1}
[ERROR] [1752370280.169844216] [websocket_bridge_node]: ❌ 处理robot_control状态失败: 'WebSocketBridgeNode' object has no attribute 'websocket_connected'
[INFO] [1752370280.670395034] [websocket_bridge_node]: 🤖 收到robot_control状态: {'mode': 'stop', 'is_following': False, 'manual_mode': False, 'target_person': '', 'following_enabled': False, 'emergency_stop': False, 'motor_speed': 50, 'control_type': 'motor', 'last_detection': -1}
[ERROR] [1752370280.670926433] [websocket_bridge_node]: ❌ 处理robot_control状态失败: 'WebSocketBridgeNode' object has no attribute 'websocket_connected'
[INFO] [1752370281.169761444] [websocket_bridge_node]: 🤖 收到robot_control状态: {'mode': 'stop', 'is_following': False, 'manual_mode': False, 'target_person': '', 'following_enabled': False, 'emergency_stop': False, 'motor_speed': 50, 'control_type': 'motor', 'last_detection': -1}
[ERROR] [1752370281.170313550] [websocket_bridge_node]: ❌ 处理robot_control状态失败: 'WebSocketBridgeNode' object has no attribute 'websocket_connected'
[INFO] [1752370281.671951396] [websocket_bridge_node]: 🤖 收到robot_control状态: {'mode': 'stop', 'is_following': False, 'manual_mode': False, 'target_person': '', 'following_enabled': False, 'emergency_stop': False, 'motor_speed': 50, 'control_type': 'motor', 'last_detection': -1}
[ERROR] [1752370281.673649129] [websocket_bridge_node]: ❌ 处理robot_control状态失败: 'WebSocketBridgeNode' object has no attribute 'websocket_connected'
[INFO] [1752370282.172497664] [websocket_bridge_node]: 🤖 收到robot_control状态: {'mode': 'stop', 'is_following': False, 'manual_mode': False, 'target_person': '', 'following_enabled': False, 'emergency_stop': False, 'motor_speed': 50, 'control_type': 'motor', 'last_detection': -1}
[ERROR] [1752370282.174698213] [websocket_bridge_node]: ❌ 处理robot_control状态失败: 'WebSocketBridgeNode' object has no attribute 'websocket_connected'
[INFO] [1752370282.672958659] [websocket_bridge_node]: 🤖 收到robot_control状态: {'mode': 'stop', 'is_following': False, 'manual_mode': False, 'target_person': '', 'following_enabled': False, 'emergency_stop': False, 'motor_speed': 50, 'control_type': 'motor', 'last_detection': -1}
[ERROR] [1752370282.673779672] [websocket_bridge_node]: ❌ 处理robot_control状态失败: 'WebSocketBridgeNode' object has no attribute 'websocket_connected'
[INFO] [1752370283.170062654] [websocket_bridge_node]: 🤖 收到robot_control状态: {'mode': 'stop', 'is_following': False, 'manual_mode': False, 'target_person': '', 'following_enabled': False, 'emergency_stop': False, 'motor_speed': 50, 'control_type': 'motor', 'last_detection': -1}
[ERROR] [1752370283.170888333] [websocket_bridge_node]: ❌ 处理robot_control状态失败: 'WebSocketBridgeNode' object has no attribute 'websocket_connected'
[INFO] [1752370283.670732416] [websocket_bridge_node]: 🤖 收到robot_control状态: {'mode': 'stop', 'is_following': False, 'manual_mode': False, 'target_person': '', 'following_enabled': False, 'emergency_stop': False, 'motor_speed': 50, 'control_type': 'motor', 'last_detection': -1}
[ERROR] [1752370283.671672133] [websocket_bridge_node]: ❌ 处理robot_control状态失败: 'WebSocketBridgeNode' object has no attribute 'websocket_connected'
[INFO] [1752370284.184032498] [websocket_bridge_node]: 🤖 收到robot_control状态: {'mode': 'stop', 'is_following': False, 'manual_mode': False, 'target_person': '', 'following_enabled': False, 'emergency_stop': False, 'motor_speed': 50, 'control_type': 'motor', 'last_detection': -1}
[ERROR] [1752370284.185104336] [websocket_bridge_node]: ❌ 处理robot_control状态失败: 'WebSocketBridgeNode' object has no attribute 'websocket_connected'
[INFO] [1752370284.670779350] [websocket_bridge_node]: 🤖 收到robot_control状态: {'mode': 'stop', 'is_following': False, 'manual_mode': False, 'target_person': '', 'following_enabled': False, 'emergency_stop': False, 'motor_speed': 50, 'control_type': 'motor', 'last_detection': -1}
[ERROR] [1752370284.671975725] [websocket_bridge_node]: ❌ 处理robot_control状态失败: 'WebSocketBridgeNode' object has no attribute 'websocket_connected'
[INFO] [1752370285.170920162] [websocket_bridge_node]: 🤖 收到robot_control状态: {'mode': 'stop', 'is_following': False, 'manual_mode': False, 'target_person': '', 'following_enabled': False, 'emergency_stop': False, 'motor_speed': 50, 'control_type': 'motor', 'last_detection': -1}
[ERROR] [1752370285.171843838] [websocket_bridge_node]: ❌ 处理robot_control状态失败: 'WebSocketBridgeNode' object has no attribute 'websocket_connected'
[INFO] [1752370285.672979841] [websocket_bridge_node]: 🤖 收到robot_control状态: {'mode': 'stop', 'is_following': False, 'manual_mode': False, 'target_person': '', 'following_enabled': False, 'emergency_stop': False, 'motor_speed': 50, 'control_type': 'motor', 'last_detection': -1}
[ERROR] [1752370285.674015221] [websocket_bridge_node]: ❌ 处理robot_control状态失败: 'WebSocketBridgeNode' object has no attribute 'websocket_connected'
[INFO] [1752370286.172011674] [websocket_bridge_node]: 🤖 收到robot_control状态: {'mode': 'stop', 'is_following': False, 'manual_mode': False, 'target_person': '', 'following_enabled': False, 'emergency_stop': False, 'motor_speed': 50, 'control_type': 'motor', 'last_detection': -1}
[ERROR] [1752370286.174446215] [websocket_bridge_node]: ❌ 处理robot_control状态失败: 'WebSocketBridgeNode' object has no attribute 'websocket_connected'
[INFO] [1752370286.683105023] [websocket_bridge_node]: 🤖 收到robot_control状态: {'mode': 'stop', 'is_following': False, 'manual_mode': False, 'target_person': '', 'following_enabled': False, 'emergency_stop': False, 'motor_speed': 50, 'control_type': 'motor', 'last_detection': -1}
[ERROR] [1752370286.686902683] [websocket_bridge_node]: ❌ 处理robot_control状态失败: 'WebSocketBridgeNode' object has no attribute 'websocket_connected'
[INFO] [1752370287.175193911] [websocket_bridge_node]: 🤖 收到robot_control状态: {'mode': 'stop', 'is_following': False, 'manual_mode': False, 'target_person': '', 'following_enabled': False, 'emergency_stop': False, 'motor_speed': 50, 'control_type': 'motor', 'last_detection': -1}
[ERROR] [1752370287.176602029] [websocket_bridge_node]: ❌ 处理robot_control状态失败: 'WebSocketBridgeNode' object has no attribute 'websocket_connected'
[INFO] [1752370287.673067782] [websocket_bridge_node]: 🤖 收到robot_control状态: {'mode': 'stop', 'is_following': False, 'manual_mode': False, 'target_person': '', 'following_enabled': False, 'emergency_stop': False, 'motor_speed': 50, 'control_type': 'motor', 'last_detection': -1}
[ERROR] [1752370287.674313448] [websocket_bridge_node]: ❌ 处理robot_control状态失败: 'WebSocketBridgeNode' object has no attribute 'websocket_connected'
[INFO] [1752370288.174205007] [websocket_bridge_node]: 🤖 收到robot_control状态: {'mode': 'stop', 'is_following': False, 'manual_mode': False, 'target_person': '', 'following_enabled': False, 'emergency_stop': False, 'motor_speed': 50, 'control_type': 'motor', 'last_detection': -1}
[ERROR] [1752370288.175583668] [websocket_bridge_node]: ❌ 处理robot_control状态失败: 'WebSocketBridgeNode' object has no attribute 'websocket_connected'
[INFO] [1752370288.670958649] [websocket_bridge_node]: 🤖 收到robot_control状态: {'mode': 'stop', 'is_following': False, 'manual_mode': False, 'target_person': '', 'following_enabled': False, 'emergency_stop': False, 'motor_speed': 50, 'control_type': 'motor', 'last_detection': -1}
[ERROR] [1752370288.672158524] [websocket_bridge_node]: ❌ 处理robot_control状态失败: 'WebSocketBridgeNode' object has no attribute 'websocket_connected'
[INFO] [1752370289.180407778] [websocket_bridge_node]: 🤖 收到robot_control状态: {'mode': 'stop', 'is_following': False, 'manual_mode': False, 'target_person': '', 'following_enabled': False, 'emergency_stop': False, 'motor_speed': 50, 'control_type': 'motor', 'last_detection': -1}
[ERROR] [1752370289.181248625] [websocket_bridge_node]: ❌ 处理robot_control状态失败: 'WebSocketBridgeNode' object has no attribute 'websocket_connected'
[INFO] [1752370289.670273806] [websocket_bridge_node]: 🤖 收到robot_control状态: {'mode': 'stop', 'is_following': False, 'manual_mode': False, 'target_person': '', 'following_enabled': False, 'emergency_stop': False, 'motor_speed': 50, 'control_type': 'motor', 'last_detection': -1}
[ERROR] [1752370289.671368101] [websocket_bridge_node]: ❌ 处理robot_control状态失败: 'WebSocketBridgeNode' object has no attribute 'websocket_connected'
[INFO] [1752370290.177860523] [websocket_bridge_node]: 🤖 收到robot_control状态: {'mode': 'stop', 'is_following': False, 'manual_mode': False, 'target_person': '', 'following_enabled': False, 'emergency_stop': False, 'motor_speed': 50, 'control_type': 'motor', 'last_detection': -1}
[ERROR] [1752370290.178737535] [websocket_bridge_node]: ❌ 处理robot_control状态失败: 'WebSocketBridgeNode' object has no attribute 'websocket_connected'
[INFO] [1752370290.673643579] [websocket_bridge_node]: 🤖 收到robot_control状态: {'mode': 'stop', 'is_following': False, 'manual_mode': False, 'target_person': '', 'following_enabled': False, 'emergency_stop': False, 'motor_speed': 50, 'control_type': 'motor', 'last_detection': -1}
[ERROR] [1752370290.675719883] [websocket_bridge_node]: ❌ 处理robot_control状态失败: 'WebSocketBridgeNode' object has no attribute 'websocket_connected'
[INFO] [1752370291.169402643] [websocket_bridge_node]: 🤖 收到robot_control状态: {'mode': 'stop', 'is_following': False, 'manual_mode': False, 'target_person': '', 'following_enabled': False, 'emergency_stop': False, 'motor_speed': 50, 'control_type': 'motor', 'last_detection': -1}
[ERROR] [1752370291.170473315] [websocket_bridge_node]: ❌ 处理robot_control状态失败: 'WebSocketBridgeNode' object has no attribute 'websocket_connected'
[INFO] [1752370291.683665130] [websocket_bridge_node]: 🤖 收到robot_control状态: {'mode': 'stop', 'is_following': False, 'manual_mode': False, 'target_person': '', 'following_enabled': False, 'emergency_stop': False, 'motor_speed': 50, 'control_type': 'motor', 'last_detection': -1}
[ERROR] [1752370291.684413521] [websocket_bridge_node]: ❌ 处理robot_control状态失败: 'WebSocketBridgeNode' object has no attribute 'websocket_connected'
[INFO] [1752370292.177149713] [websocket_bridge_node]: 🤖 收到robot_control状态: {'mode': 'stop', 'is_following': False, 'manual_mode': False, 'target_person': '', 'following_enabled': False, 'emergency_stop': False, 'motor_speed': 50, 'control_type': 'motor', 'last_detection': -1}
[ERROR] [1752370292.178232926] [websocket_bridge_node]: ❌ 处理robot_control状态失败: 'WebSocketBridgeNode' object has no attribute 'websocket_connected'
[INFO] [1752370292.670928301] [websocket_bridge_node]: 🤖 收到robot_control状态: {'mode': 'stop', 'is_following': False, 'manual_mode': False, 'target_person': '', 'following_enabled': False, 'emergency_stop': False, 'motor_speed': 50, 'control_type': 'motor', 'last_detection': -1}
[ERROR] [1752370292.671666193] [websocket_bridge_node]: ❌ 处理robot_control状态失败: 'WebSocketBridgeNode' object has no attribute 'websocket_connected'
[INFO] [1752370293.170532531] [websocket_bridge_node]: 🤖 收到robot_control状态: {'mode': 'stop', 'is_following': False, 'manual_mode': False, 'target_person': '', 'following_enabled': False, 'emergency_stop': False, 'motor_speed': 50, 'control_type': 'motor', 'last_detection': -1}
[ERROR] [1752370293.171626535] [websocket_bridge_node]: ❌ 处理robot_control状态失败: 'WebSocketBridgeNode' object has no attribute 'websocket_connected'
[INFO] [1752370293.672048169] [websocket_bridge_node]: 🤖 收到robot_control状态: {'mode': 'stop', 'is_following': False, 'manual_mode': False, 'target_person': '', 'following_enabled': False, 'emergency_stop': False, 'motor_speed': 50, 'control_type': 'motor', 'last_detection': -1}
[ERROR] [1752370293.673934896] [websocket_bridge_node]: ❌ 处理robot_control状态失败: 'WebSocketBridgeNode' object has no attribute 'websocket_connected'
[INFO] [1752370294.170410215] [websocket_bridge_node]: 🤖 收到robot_control状态: {'mode': 'stop', 'is_following': False, 'manual_mode': False, 'target_person': '', 'following_enabled': False, 'emergency_stop': False, 'motor_speed': 50, 'control_type': 'motor', 'last_detection': -1}
[ERROR] [1752370294.171237353] [websocket_bridge_node]: ❌ 处理robot_control状态失败: 'WebSocketBridgeNode' object has no attribute 'websocket_connected'
[INFO] [1752370294.674641659] [websocket_bridge_node]: 🤖 收到robot_control状态: {'mode': 'stop', 'is_following': False, 'manual_mode': False, 'target_person': '', 'following_enabled': False, 'emergency_stop': False, 'motor_speed': 50, 'control_type': 'motor', 'last_detection': -1}
[ERROR] [1752370294.676823835] [websocket_bridge_node]: ❌ 处理robot_control状态失败: 'WebSocketBridgeNode' object has no attribute 'websocket_connected'
[INFO] [1752370296.934109537] [websocket_bridge_node]: 🤖 收到robot_control状态: {'mode': 'stop', 'is_following': False, 'manual_mode': False, 'target_person': '', 'following_enabled': False, 'emergency_stop': False, 'motor_speed': 50, 'control_type': 'motor', 'last_detection': -1}
[ERROR] [1752370296.936308920] [websocket_bridge_node]: ❌ 处理robot_control状态失败: 'WebSocketBridgeNode' object has no attribute 'websocket_connected'
[INFO] [1752370296.941680070] [websocket_bridge_node]: 🤖 收到robot_control状态: {'mode': 'stop', 'is_following': False, 'manual_mode': False, 'target_person': '', 'following_enabled': False, 'emergency_stop': False, 'motor_speed': 50, 'control_type': 'motor', 'last_detection': -1}
[ERROR] [1752370296.943769791] [websocket_bridge_node]: ❌ 处理robot_control状态失败: 'WebSocketBridgeNode' object has no attribute 'websocket_connected'
[INFO] [1752370296.948704331] [websocket_bridge_node]: 🤖 收到robot_control状态: {'mode': 'following', 'is_following': True, 'manual_mode': False, 'target_person': '', 'following_enabled': False, 'emergency_stop': False, 'motor_speed': 50, 'control_type': 'motor', 'last_detection': -1}
[ERROR] [1752370296.950741553] [websocket_bridge_node]: ❌ 处理robot_control状态失败: 'WebSocketBridgeNode' object has no attribute 'websocket_connected'
[INFO] [1752370296.956897844] [websocket_bridge_node]: 🤖 收到robot_control状态: {'mode': 'following', 'is_following': True, 'manual_mode': False, 'target_person': '', 'following_enabled': False, 'emergency_stop': False, 'motor_speed': 50, 'control_type': 'motor', 'last_detection': -1}
[ERROR] [1752370296.959429716] [websocket_bridge_node]: ❌ 处理robot_control状态失败: 'WebSocketBridgeNode' object has no attribute 'websocket_connected'
[INFO] [1752370297.175031588] [websocket_bridge_node]: 🤖 收到robot_control状态: {'mode': 'following', 'is_following': True, 'manual_mode': False, 'target_person': '', 'following_enabled': False, 'emergency_stop': False, 'motor_speed': 50, 'control_type': 'motor', 'last_detection': -1}
[ERROR] [1752370297.176512913] [websocket_bridge_node]: ❌ 处理robot_control状态失败: 'WebSocketBridgeNode' object has no attribute 'websocket_connected'
[INFO] [1752370298.370406737] [websocket_bridge_node]: 🤖 收到robot_control状态: {'mode': 'following', 'is_following': True, 'manual_mode': False, 'target_person': '', 'following_enabled': False, 'emergency_stop': False, 'motor_speed': 50, 'control_type': 'motor', 'last_detection': -1}
[ERROR] [1752370298.371233000] [websocket_bridge_node]: ❌ 处理robot_control状态失败: 'WebSocketBridgeNode' object has no attribute 'websocket_connected'
[INFO] [1752370298.374006948] [websocket_bridge_node]: 🤖 收到robot_control状态: {'mode': 'following', 'is_following': True, 'manual_mode': False, 'target_person': '', 'following_enabled': False, 'emergency_stop': False, 'motor_speed': 50, 'control_type': 'motor', 'last_detection': -1}
[ERROR] [1752370298.374785088] [websocket_bridge_node]: ❌ 处理robot_control状态失败: 'WebSocketBridgeNode' object has no attribute 'websocket_connected'
[INFO] [1752370298.672921294] [websocket_bridge_node]: 🤖 收到robot_control状态: {'mode': 'following', 'is_following': True, 'manual_mode': False, 'target_person': '', 'following_enabled': False, 'emergency_stop': False, 'motor_speed': 50, 'control_type': 'motor', 'last_detection': -1}
[ERROR] [1752370298.673809681] [websocket_bridge_node]: ❌ 处理robot_control状态失败: 'WebSocketBridgeNode' object has no attribute 'websocket_connected'
[INFO] [1752370299.828235131] [websocket_bridge_node]: 🤖 收到robot_control状态: {'mode': 'following', 'is_following': True, 'manual_mode': False, 'target_person': '', 'following_enabled': False, 'emergency_stop': False, 'motor_speed': 50, 'control_type': 'motor', 'last_detection': -1}
[ERROR] [1752370299.835202228] [websocket_bridge_node]: ❌ 处理robot_control状态失败: 'WebSocketBridgeNode' object has no attribute 'websocket_connected'
[INFO] [1752370299.840988990] [websocket_bridge_node]: 🤖 收到robot_control状态: {'mode': 'following', 'is_following': True, 'manual_mode': False, 'target_person': '', 'following_enabled': False, 'emergency_stop': False, 'motor_speed': 50, 'control_type': 'motor', 'last_detection': -1}
[ERROR] [1752370299.843378534] [websocket_bridge_node]: ❌ 处理robot_control状态失败: 'WebSocketBridgeNode' object has no attribute 'websocket_connected'
[INFO] [1752370300.175539608] [websocket_bridge_node]: 🤖 收到robot_control状态: {'mode': 'following', 'is_following': True, 'manual_mode': False, 'target_person': '', 'following_enabled': False, 'emergency_stop': False, 'motor_speed': 50, 'control_type': 'motor', 'last_detection': -1}
[ERROR] [1752370300.176398537] [websocket_bridge_node]: ❌ 处理robot_control状态失败: 'WebSocketBridgeNode' object has no attribute 'websocket_connected'
[INFO] [1752370300.672311946] [websocket_bridge_node]: 🤖 收到robot_control状态: {'mode': 'following', 'is_following': True, 'manual_mode': False, 'target_person': '', 'following_enabled': False, 'emergency_stop': False, 'motor_speed': 50, 'control_type': 'motor', 'last_detection': -1}
[ERROR] [1752370300.674559162] [websocket_bridge_node]: ❌ 处理robot_control状态失败: 'WebSocketBridgeNode' object has no attribute 'websocket_connected'
[INFO] [1752370301.182998947] [websocket_bridge_node]: 🤖 收到robot_control状态: {'mode': 'following', 'is_following': True, 'manual_mode': False, 'target_person': '', 'following_enabled': False, 'emergency_stop': False, 'motor_speed': 50, 'control_type': 'motor', 'last_detection': -1}
[ERROR] [1752370301.186177131] [websocket_bridge_node]: ❌ 处理robot_control状态失败: 'WebSocketBridgeNode' object has no attribute 'websocket_connected'
[INFO] [1752370301.671653833] [websocket_bridge_node]: 🤖 收到robot_control状态: {'mode': 'following', 'is_following': True, 'manual_mode': False, 'target_person': '', 'following_enabled': False, 'emergency_stop': False, 'motor_speed': 50, 'control_type': 'motor', 'last_detection': -1}
[ERROR] [1752370301.673633308] [websocket_bridge_node]: ❌ 处理robot_control状态失败: 'WebSocketBridgeNode' object has no attribute 'websocket_connected'
[INFO] [1752370302.176041320] [websocket_bridge_node]: 🤖 收到robot_control状态: {'mode': 'following', 'is_following': True, 'manual_mode': False, 'target_person': '', 'following_enabled': False, 'emergency_stop': False, 'motor_speed': 50, 'control_type': 'motor', 'last_detection': -1}
[ERROR] [1752370302.178174790] [websocket_bridge_node]: ❌ 处理robot_control状态失败: 'WebSocketBridgeNode' object has no attribute 'websocket_connected'
[INFO] [1752370302.678107818] [websocket_bridge_node]: 🤖 收到robot_control状态: {'mode': 'following', 'is_following': True, 'manual_mode': False, 'target_person': '', 'following_enabled': False, 'emergency_stop': False, 'motor_speed': 50, 'control_type': 'motor', 'last_detection': -1}
[ERROR] [1752370302.681069593] [websocket_bridge_node]: ❌ 处理robot_control状态失败: 'WebSocketBridgeNode' object has no attribute 'websocket_connected'
[INFO] [1752370303.175470774] [websocket_bridge_node]: 🤖 收到robot_control状态: {'mode': 'following', 'is_following': True, 'manual_mode': False, 'target_person': '', 'following_enabled': False, 'emergency_stop': False, 'motor_speed': 50, 'control_type': 'motor', 'last_detection': -1}
[ERROR] [1752370303.177780696] [websocket_bridge_node]: ❌ 处理robot_control状态失败: 'WebSocketBridgeNode' object has no attribute 'websocket_connected'
[INFO] [1752370303.692460292] [websocket_bridge_node]: 🤖 收到robot_control状态: {'mode': 'following', 'is_following': True, 'manual_mode': False, 'target_person': '', 'following_enabled': False, 'emergency_stop': False, 'motor_speed': 50, 'control_type': 'motor', 'last_detection': -1}
[ERROR] [1752370303.695158034] [websocket_bridge_node]: ❌ 处理robot_control状态失败: 'WebSocketBridgeNode' object has no attribute 'websocket_connected'
[INFO] [1752370304.177704221] [websocket_bridge_node]: 🤖 收到robot_control状态: {'mode': 'following', 'is_following': True, 'manual_mode': False, 'target_person': '', 'following_enabled': False, 'emergency_stop': False, 'motor_speed': 50, 'control_type': 'motor', 'last_detection': -1}
[ERROR] [1752370304.179776152] [websocket_bridge_node]: ❌ 处理robot_control状态失败: 'WebSocketBridgeNode' object has no attribute 'websocket_connected'
[INFO] [1752370304.673613973] [websocket_bridge_node]: 🤖 收到robot_control状态: {'mode': 'following', 'is_following': True, 'manual_mode': False, 'target_person': '', 'following_enabled': False, 'emergency_stop': False, 'motor_speed': 50, 'control_type': 'motor', 'last_detection': -1}
[ERROR] [1752370304.674261159] [websocket_bridge_node]: ❌ 处理robot_control状态失败: 'WebSocketBridgeNode' object has no attribute 'websocket_connected'
[INFO] [1752370305.174881927] [websocket_bridge_node]: 🤖 收到robot_control状态: {'mode': 'following', 'is_following': True, 'manual_mode': False, 'target_person': '', 'following_enabled': False, 'emergency_stop': False, 'motor_speed': 50, 'control_type': 'motor', 'last_detection': -1}
[ERROR] [1752370305.176714990] [websocket_bridge_node]: ❌ 处理robot_control状态失败: 'WebSocketBridgeNode' object has no attribute 'websocket_connected'
[INFO] [1752370305.673039209] [websocket_bridge_node]: 🤖 收到robot_control状态: {'mode': 'following', 'is_following': True, 'manual_mode': False, 'target_person': '', 'following_enabled': False, 'emergency_stop': False, 'motor_speed': 50, 'control_type': 'motor', 'last_detection': -1}
[ERROR] [1752370305.674034634] [websocket_bridge_node]: ❌ 处理robot_control状态失败: 'WebSocketBridgeNode' object has no attribute 'websocket_connected'
[INFO] [1752370306.179340642] [websocket_bridge_node]: 🤖 收到robot_control状态: {'mode': 'following', 'is_following': True, 'manual_mode': False, 'target_person': '', 'following_enabled': False, 'emergency_stop': False, 'motor_speed': 50, 'control_type': 'motor', 'last_detection': -1}
[ERROR] [1752370306.180281235] [websocket_bridge_node]: ❌ 处理robot_control状态失败: 'WebSocketBridgeNode' object has no attribute 'websocket_connected'
[INFO] [1752370306.678439749] [websocket_bridge_node]: 🤖 收到robot_control状态: {'mode': 'following', 'is_following': True, 'manual_mode': False, 'target_person': '', 'following_enabled': False, 'emergency_stop': False, 'motor_speed': 50, 'control_type': 'motor', 'last_detection': -1}
[ERROR] [1752370306.681130575] [websocket_bridge_node]: ❌ 处理robot_control状态失败: 'WebSocketBridgeNode' object has no attribute 'websocket_connected'
[INFO] [1752370307.172576613] [websocket_bridge_node]: 🤖 收到robot_control状态: {'mode': 'following', 'is_following': True, 'manual_mode': False, 'target_person': '', 'following_enabled': False, 'emergency_stop': False, 'motor_speed': 50, 'control_type': 'motor', 'last_detection': -1}
[ERROR] [1752370307.173516332] [websocket_bridge_node]: ❌ 处理robot_control状态失败: 'WebSocketBridgeNode' object has no attribute 'websocket_connected'
[INFO] [1752370307.675026506] [websocket_bridge_node]: 🤖 收到robot_control状态: {'mode': 'following', 'is_following': True, 'manual_mode': False, 'target_person': '', 'following_enabled': False, 'emergency_stop': False, 'motor_speed': 50, 'control_type': 'motor', 'last_detection': -1}
[ERROR] [1752370307.675954266] [websocket_bridge_node]: ❌ 处理robot_control状态失败: 'WebSocketBridgeNode' object has no attribute 'websocket_connected'
[INFO] [1752370308.176580811] [websocket_bridge_node]: 🤖 收到robot_control状态: {'mode': 'following', 'is_following': True, 'manual_mode': False, 'target_person': '', 'following_enabled': False, 'emergency_stop': False, 'motor_speed': 50, 'control_type': 'motor', 'last_detection': -1}
[ERROR] [1752370308.178694448] [websocket_bridge_node]: ❌ 处理robot_control状态失败: 'WebSocketBridgeNode' object has no attribute 'websocket_connected'
[INFO] [1752370309.599758363] [websocket_bridge_node]: 🤖 收到robot_control状态: {'mode': 'following', 'is_following': True, 'manual_mode': False, 'target_person': '', 'following_enabled': False, 'emergency_stop': False, 'motor_speed': 50, 'control_type': 'motor', 'last_detection': -1}
[ERROR] [1752370309.602002371] [websocket_bridge_node]: ❌ 处理robot_control状态失败: 'WebSocketBridgeNode' object has no attribute 'websocket_connected'
[INFO] [1752370309.608892474] [websocket_bridge_node]: 🤖 收到robot_control状态: {'mode': 'following', 'is_following': True, 'manual_mode': False, 'target_person': '', 'following_enabled': False, 'emergency_stop': False, 'motor_speed': 50, 'control_type': 'motor', 'last_detection': -1}
[ERROR] [1752370309.611652423] [websocket_bridge_node]: ❌ 处理robot_control状态失败: 'WebSocketBridgeNode' object has no attribute 'websocket_connected'
[INFO] [1752370309.672026570] [websocket_bridge_node]: 🤖 收到robot_control状态: {'mode': 'following', 'is_following': True, 'manual_mode': False, 'target_person': '', 'following_enabled': False, 'emergency_stop': False, 'motor_speed': 50, 'control_type': 'motor', 'last_detection': -1}
[ERROR] [1752370309.672672590] [websocket_bridge_node]: ❌ 处理robot_control状态失败: 'WebSocketBridgeNode' object has no attribute 'websocket_connected'
[INFO] [1752370310.186013672] [websocket_bridge_node]: 🤖 收到robot_control状态: {'mode': 'following', 'is_following': True, 'manual_mode': False, 'target_person': '', 'following_enabled': False, 'emergency_stop': False, 'motor_speed': 50, 'control_type': 'motor', 'last_detection': -1}
[ERROR] [1752370310.189529013] [websocket_bridge_node]: ❌ 处理robot_control状态失败: 'WebSocketBridgeNode' object has no attribute 'websocket_connected'
[INFO] [1752370310.674665386] [websocket_bridge_node]: 🤖 收到robot_control状态: {'mode': 'following', 'is_following': True, 'manual_mode': False, 'target_person': '', 'following_enabled': False, 'emergency_stop': False, 'motor_speed': 50, 'control_type': 'motor', 'last_detection': -1}
[ERROR] [1752370310.676996016] [websocket_bridge_node]: ❌ 处理robot_control状态失败: 'WebSocketBridgeNode' object has no attribute 'websocket_connected'
[INFO] [1752370311.173541724] [websocket_bridge_node]: 🤖 收到robot_control状态: {'mode': 'following', 'is_following': True, 'manual_mode': False, 'target_person': '', 'following_enabled': False, 'emergency_stop': False, 'motor_speed': 50, 'control_type': 'motor', 'last_detection': -1}
[ERROR] [1752370311.175660029] [websocket_bridge_node]: ❌ 处理robot_control状态失败: 'WebSocketBridgeNode' object has no attribute 'websocket_connected'
